2026-09-27 23:43:58,352 [pid1693] INFO [data] D=10 saved: {'D_deg': 10, 'n': 2000, 'start_to_target_deg_max_err': 8.881784197001252e-15, 'endpoint_matches_target_max_rad': 1.442639264041242e-16, 'startpoint_matches_start_max_rad': 0.0, 'endpoint_trans_err_max': 2.237726045655905e-16, 'orthogonality_residual_max': 8.699300520730562e-16, 'path_type_counts': [667, 667, 666], 'angle_from_identity_deg': {'max': 32.25333137002822, 'p95': 28.872399605678233, 'endpoint_mean': 24.996338615312794}, 'frac_traj_with_canonical_quat_sign_flip': 0.0, 'frac_traj_endpoint_quat_w_below_0.1': 0.0, 'frac_traj_with_euler_jump': 0.0, 'frac_traj_with_euler_beta_above_80deg': 0.0, 'max_euler_beta_deg': 31.044477517373192, 'seed': 1010}
2026-09-27 23:43:58,873 [pid1693] INFO [data] D=30 saved: {'D_deg': 30, 'n': 2000, 'start_to_target_deg_max_err': 1.7763568394002505e-14, 'endpoint_matches_target_max_rad': 2.347010985807545e-16, 'startpoint_matches_start_max_rad': 0.0, 'endpoint_trans_err_max': 2.2247786310271853e-16, 'orthogonality_residual_max': 9.228229028879765e-16, 'path_type_counts': [667, 667, 666], 'angle_from_identity_deg': {'max': 57.147246316701995, 'p95': 49.562031672681776, 'endpoint_mean': 44.95498329193618}, 'frac_traj_with_canonical_quat_sign_flip': 0.0, 'frac_traj_endpoint_quat_w_below_0.1': 0.0, 'frac_traj_with_euler_jump': 0.0, 'frac_traj_with_euler_beta_above_80deg': 0.0, 'max_euler_beta_deg': 55.08933697804728, 'seed': 1030}
2026-09-27 23:43:59,393 [pid1693] INFO [data] D=60 saved: {'D_deg': 60, 'n': 2000, 'start_to_target_deg_max_err': 4.263256414560601e-14, 'endpoint_matches_target_max_rad': 5.640599496620651e-16, 'startpoint_matches_start_max_rad': 0.0, 'endpoint_trans_err_max': 1.7109685898544713e-16, 'orthogonality_residual_max': 9.080941272709203e-16, 'path_type_counts': [667, 667, 666], 'angle_from_identity_deg': {'max': 94.4245129237032, 'p95': 83.1698253785916, 'endpoint_mean': 75.15350797962752}, 'frac_traj_with_canonical_quat_sign_flip': 0.0, 'frac_traj_endpoint_quat_w_below_0.1': 0.0, 'frac_traj_with_euler_jump': 0.0, 'frac_traj_with_euler_beta_above_80deg': 0.009, 'max_euler_beta_deg': 88.22318122305396, 'seed': 1060}
2026-09-27 23:43:59,918 [pid1693] INFO [data] D=90 saved: {'D_deg': 90, 'n': 2000, 'start_to_target_deg_max_err': 5.684341886080802e-14, 'endpoint_matches_target_max_rad': 6.010685424377811e-16, 'startpoint_matches_start_max_rad': 0.0, 'endpoint_trans_err_max': 1.7109685898544713e-16, 'orthogonality_residual_max': 1.261700581337137e-15, 'path_type_counts': [667, 667, 666], 'angle_from_identity_deg': {'max': 131.7405554995179, 'p95': 116.60458460835396, 'endpoint_mean': 105.03059193290174}, 'frac_traj_with_canonical_quat_sign_flip': 0.0, 'frac_traj_endpoint_quat_w_below_0.1': 0.0, 'frac_traj_with_euler_jump': 0.0335, 'frac_traj_with_euler_beta_above_80deg': 0.083, 'max_euler_beta_deg': 89.73871827483318, 'seed': 1090}
2026-09-27 23:44:00,457 [pid1693] INFO [data] D=120 saved: {'D_deg': 120, 'n': 2000, 'start_to_target_deg_max_err': 7.105427357601002e-14, 'endpoint_matches_target_max_rad': 9.20339062270806e-16, 'startpoint_matches_start_max_rad': 0.0, 'endpoint_trans_err_max': 1.6711069443220838e-16, 'orthogonality_residual_max': 2.1148434587403907e-15, 'path_type_counts': [667, 667, 666], 'angle_from_identity_deg': {'max': 169.30954646497486, 'p95': 150.84367235906686, 'endpoint_mean': 134.99961552304106}, 'frac_traj_with_canonical_quat_sign_flip': 0.0, 'frac_traj_endpoint_quat_w_below_0.1': 0.0, 'frac_traj_with_euler_jump': 0.144, 'frac_traj_with_euler_beta_above_80deg': 0.0935, 'max_euler_beta_deg': 89.09382149155536, 'seed': 1120}
2026-09-27 23:44:00,981 [pid1693] INFO [data] D=150 saved: {'D_deg': 150, 'n': 2000, 'start_to_target_deg_max_err': 8.526512829121202e-14, 'endpoint_matches_target_max_rad': 9.92940928142473e-16, 'startpoint_matches_start_max_rad': 0.0, 'endpoint_trans_err_max': 2.237726045655905e-16, 'orthogonality_residual_max': 3.75920859528924e-15, 'path_type_counts': [667, 667, 666], 'angle_from_identity_deg': {'max': 179.99912701597697, 'p95': 174.16008705115334, 'endpoint_mean': 165.0464218416168}, 'frac_traj_with_canonical_quat_sign_flip': 0.312, 'frac_traj_endpoint_quat_w_below_0.1': 0.139, 'frac_traj_with_euler_jump': 0.427, 'frac_traj_with_euler_beta_above_80deg': 0.1215, 'max_euler_beta_deg': 89.4212656785374, 'seed': 1150}
2026-09-27 23:44:01,510 [pid1693] INFO [data] D=175 saved: {'D_deg': 175, 'n': 2000, 'start_to_target_deg_max_err': 8.526512829121202e-14, 'endpoint_matches_target_max_rad': 5.989226193775048e-15, 'startpoint_matches_start_max_rad': 0.0, 'endpoint_trans_err_max': 2.238801616996866e-16, 'orthogonality_residual_max': 3.2838575544153686e-15, 'path_type_counts': [667, 667, 666], 'angle_from_identity_deg': {'max': 179.99959685739748, 'p95': 175.9812319660122, 'endpoint_mean': 170.06677179436093}, 'frac_traj_with_canonical_quat_sign_flip': 1.0, 'frac_traj_endpoint_quat_w_below_0.1': 0.648, 'frac_traj_with_euler_jump': 0.7485, 'frac_traj_with_euler_beta_above_80deg': 0.11, 'max_euler_beta_deg': 89.49402779458518, 'seed': 1175}
2026-09-27 23:45:36,854 [pid1746] WARNING [train] M1_riemannian_cpu_1: non-finite loss
2026-09-27 23:45:38,768 [pid1748] WARNING [train] M1_riemannian_cpu_2: non-finite loss
2026-09-27 23:45:40,745 [pid1750] WARNING [train] M1_riemannian_cpu_4: non-finite loss
2026-09-27 23:45:43,507 [pid1752] WARNING [train] M1_riemannian_mps_1: non-finite loss
2026-09-27 23:45:53,648 [pid1759] INFO [train] done M1_riemannian_cpu_1 lr=0.001 loss=1.4405 1s
2026-09-27 23:45:54,338 [pid1759] INFO [train] done M2_euclid6d_cpu_1 lr=0.001 loss=0.7086 1s
2026-09-27 23:45:55,195 [pid1759] INFO [train] done M3_quat_cpu_1 lr=0.001 loss=0.6378 1s
2026-09-27 23:45:56,011 [pid1759] INFO [train] done M4_euler_cpu_1 lr=0.001 loss=2.0004 1s
2026-09-27 23:45:57,946 [pid1761] INFO [train] done M1_riemannian_cpu_2 lr=0.001 loss=1.4405 1s
2026-09-27 23:45:58,762 [pid1761] INFO [train] done M2_euclid6d_cpu_2 lr=0.001 loss=0.7086 1s
2026-09-27 23:45:59,743 [pid1761] INFO [train] done M3_quat_cpu_2 lr=0.001 loss=0.6378 1s
2026-09-27 23:46:00,688 [pid1761] INFO [train] done M4_euler_cpu_2 lr=0.001 loss=2.0004 1s
2026-09-27 23:46:02,695 [pid1765] INFO [train] done M1_riemannian_cpu_4 lr=0.001 loss=1.4405 1s
2026-09-27 23:46:03,575 [pid1765] INFO [train] done M2_euclid6d_cpu_4 lr=0.001 loss=0.7086 1s
2026-09-27 23:46:04,641 [pid1765] INFO [train] done M3_quat_cpu_4 lr=0.001 loss=0.6378 1s
2026-09-27 23:46:05,660 [pid1765] INFO [train] done M4_euler_cpu_4 lr=0.001 loss=2.0004 1s
2026-09-27 23:46:07,900 [pid1767] INFO [train] done M1_riemannian_mps_1 lr=0.001 loss=1.4405 1s
2026-09-27 23:46:08,911 [pid1767] INFO [train] done M2_euclid6d_mps_1 lr=0.001 loss=0.7086 1s
2026-09-27 23:46:10,031 [pid1767] INFO [train] done M3_quat_mps_1 lr=0.001 loss=0.6378 1s
2026-09-27 23:46:11,091 [pid1767] INFO [train] done M4_euler_mps_1 lr=0.001 loss=2.0004 1s
2026-09-27 23:47:03,166 [pid1791] INFO [train] resume M1_riemannian at step 400
2026-09-27 23:47:08,496 [pid1791] INFO [train] done M1_riemannian lr=0.001 loss=0.8695 7s
2026-09-27 23:47:13,143 [pid1791] INFO [train] done M2_euclid6d lr=0.001 loss=0.3804 5s
2026-09-27 23:47:18,823 [pid1791] INFO [train] done M3_quat lr=0.001 loss=0.2359 6s
2026-09-27 23:47:24,348 [pid1791] INFO [train] done M4_euler lr=0.001 loss=0.8248 5s
2026-09-27 23:48:11,297 [pid1805] INFO [pilot] 24 tasks on 8 workers
2026-09-27 23:50:30,880 [pid1812] INFO [train] done M2_euclid6d_D90_s100 lr=0.001 loss=0.2282 138s
2026-09-27 23:50:30,986 [pid1805] INFO [pilot] 1/24 pilot_steps30000/M2_euclid6d_D90_s100: ok  (140s)
2026-09-27 23:50:31,390 [pid1810] INFO [train] done M2_euclid6d_D150_s100 lr=0.001 loss=0.2314 139s
2026-09-27 23:50:31,498 [pid1805] INFO [pilot] 2/24 pilot_steps30000/M2_euclid6d_D150_s100: ok  (140s)
2026-09-27 23:50:47,006 [pid1814] INFO [train] done M4_euler_D150_s100 lr=0.001 loss=0.7364 154s
2026-09-27 23:50:47,102 [pid1805] INFO [pilot] 3/24 pilot_steps30000/M4_euler_D150_s100: ok  (156s)
2026-09-27 23:50:47,552 [pid1809] INFO [train] done M4_euler_D90_s100 lr=0.001 loss=0.4826 155s
2026-09-27 23:50:47,634 [pid1805] INFO [pilot] 4/24 pilot_steps30000/M4_euler_D90_s100: ok  (156s)
2026-09-27 23:51:00,358 [pid1808] INFO [train] done M3_quat_D150_s100 lr=0.001 loss=0.1519 168s
2026-09-27 23:51:00,455 [pid1813] INFO [train] done M3_quat_D90_s100 lr=0.001 loss=0.1305 168s
2026-09-27 23:51:00,456 [pid1805] INFO [pilot] 5/24 pilot_steps30000/M3_quat_D150_s100: ok  (169s)
2026-09-27 23:51:00,557 [pid1805] INFO [pilot] 6/24 pilot_steps30000/M3_quat_D90_s100: ok  (169s)
2026-09-27 23:51:33,320 [pid1807] INFO [train] done M1_riemannian_D90_s100 lr=0.001 loss=0.6179 201s
2026-09-27 23:51:33,466 [pid1805] INFO [pilot] 7/24 pilot_steps30000/M1_riemannian_D90_s100: ok  (202s)
2026-09-27 23:51:33,818 [pid1811] INFO [train] done M1_riemannian_D150_s100 lr=0.001 loss=0.6671 201s
2026-09-27 23:51:33,954 [pid1805] INFO [pilot] 8/24 pilot_steps30000/M1_riemannian_D150_s100: ok  (203s)
2026-09-27 23:51:42,606 [pid1957] INFO [train] done M2_euclid6d_D90_s100 lr=0.001 loss=0.2454 69s
2026-09-27 23:51:42,716 [pid1805] INFO [pilot] 9/24 pilot_steps15000/M2_euclid6d_D90_s100: ok  (211s)
2026-09-27 23:52:06,427 [pid1977] INFO [train] done M4_euler_D90_s100 lr=0.001 loss=0.5524 77s
2026-09-27 23:52:06,525 [pid1805] INFO [pilot] 10/24 pilot_steps15000/M4_euler_D90_s100: ok  (235s)
2026-09-27 23:52:11,024 [pid1987] INFO [train] done M2_euclid6d_D150_s100 lr=0.001 loss=0.2505 69s
2026-09-27 23:52:11,125 [pid1805] INFO [pilot] 11/24 pilot_steps15000/M2_euclid6d_D150_s100: ok  (240s)
2026-09-27 23:52:12,658 [pid1956] INFO [train] done M1_riemannian_D90_s100 lr=0.001 loss=0.6617 100s
2026-09-27 23:52:12,807 [pid1805] INFO [pilot] 12/24 pilot_steps15000/M1_riemannian_D90_s100: ok  (242s)
2026-09-27 23:52:13,363 [pid1976] INFO [train] done M3_quat_D90_s100 lr=0.001 loss=0.1476 84s
2026-09-27 23:52:13,461 [pid1805] INFO [pilot] 13/24 pilot_steps15000/M3_quat_D90_s100: ok  (242s)
2026-09-27 23:52:17,412 [pid1997] INFO [train] done M1_riemannian_D90_s100 lr=0.001 loss=0.7530 33s
2026-09-27 23:52:17,560 [pid1805] INFO [pilot] 14/24 pilot_steps5000/M1_riemannian_D90_s100: ok  (246s)
2026-09-27 23:52:31,192 [pid2001] INFO [train] done M2_euclid6d_D90_s100 lr=0.001 loss=0.2857 23s
2026-09-27 23:52:31,291 [pid1805] INFO [pilot] 15/24 pilot_steps5000/M2_euclid6d_D90_s100: ok  (260s)
2026-09-27 23:52:39,982 [pid2003] INFO [train] done M4_euler_D90_s100 lr=0.001 loss=0.6813 25s
2026-09-27 23:52:40,070 [pid1805] INFO [pilot] 16/24 pilot_steps5000/M4_euler_D90_s100: ok  (269s)
2026-09-27 23:52:40,474 [pid2002] INFO [train] done M3_quat_D90_s100 lr=0.001 loss=0.1772 28s
2026-09-27 23:52:40,560 [pid1805] INFO [pilot] 17/24 pilot_steps5000/M3_quat_D90_s100: ok  (269s)
2026-09-27 23:52:42,178 [pid1986] INFO [train] done M1_riemannian_D150_s100 lr=0.001 loss=0.7038 100s
2026-09-27 23:52:42,305 [pid1805] INFO [pilot] 18/24 pilot_steps15000/M1_riemannian_D150_s100: ok  (271s)
2026-09-27 23:52:42,342 [pid2016] INFO [train] done M2_euclid6d_D150_s100 lr=0.001 loss=0.2918 23s
2026-09-27 23:52:42,437 [pid1805] INFO [pilot] 19/24 pilot_steps5000/M2_euclid6d_D150_s100: ok  (271s)
2026-09-27 23:52:46,948 [pid2005] INFO [train] done M1_riemannian_D150_s100 lr=0.001 loss=0.7899 32s
2026-09-27 23:52:47,056 [pid1805] INFO [pilot] 20/24 pilot_steps5000/M1_riemannian_D150_s100: ok  (276s)
2026-09-27 23:52:49,349 [pid1996] INFO [train] done M4_euler_D150_s100 lr=0.001 loss=0.8145 74s
2026-09-27 23:52:49,413 [pid1805] INFO [pilot] 21/24 pilot_steps15000/M4_euler_D150_s100: ok  (278s)
2026-09-27 23:52:52,867 [pid1995] INFO [train] done M3_quat_D150_s100 lr=0.001 loss=0.1699 78s
2026-09-27 23:52:52,928 [pid1805] INFO [pilot] 22/24 pilot_steps15000/M3_quat_D150_s100: ok  (282s)
2026-09-27 23:52:54,303 [pid2019] INFO [train] done M3_quat_D150_s100 lr=0.001 loss=0.1999 21s
2026-09-27 23:52:54,362 [pid1805] INFO [pilot] 23/24 pilot_steps5000/M3_quat_D150_s100: ok  (283s)
2026-09-27 23:52:58,038 [pid2020] INFO [train] done M4_euler_D150_s100 lr=0.001 loss=0.9735 16s
2026-09-27 23:52:58,093 [pid1805] INFO [pilot] 24/24 pilot_steps5000/M4_euler_D150_s100: ok  (287s)
2026-09-27 23:52:58,101 [pid1805] INFO [pilot] finished: 24 ok, 0 failed
2026-09-27 23:53:20,793 [pid2081] INFO [diag_capacity] 8 tasks on 8 workers
2026-09-27 23:58:39,561 [pid2090] INFO [train] done M2_euclid6d_D90_s100 lr=0.001 loss=0.0561 318s
2026-09-27 23:58:40,085 [pid2081] INFO [diag_capacity] 1/8 diag_w1024/M2_euclid6d_D90_s100: ok  (319s)
2026-09-27 23:58:45,143 [pid2088] INFO [train] done M4_euler_D90_s100 lr=0.001 loss=0.1365 323s
2026-09-27 23:58:45,604 [pid2081] INFO [diag_capacity] 2/8 diag_w1024/M4_euler_D90_s100: ok  (325s)
2026-09-27 23:58:48,850 [pid2084] INFO [train] done M3_quat_D90_s100 lr=0.001 loss=0.0400 327s
2026-09-27 23:58:49,254 [pid2081] INFO [diag_capacity] 3/8 diag_w1024/M3_quat_D90_s100: ok  (328s)
2026-09-27 23:59:02,727 [pid2083] INFO [train] done M1_riemannian_D90_s100 lr=0.001 loss=0.3668 341s
2026-09-27 23:59:03,186 [pid2081] INFO [diag_capacity] 4/8 diag_w1024/M1_riemannian_D90_s100: ok  (342s)
2026-09-28 00:01:06,920 [pid2607] INFO [diag_capacity] 4 tasks on 4 workers
2026-09-28 00:02:32,314 [pid2615] INFO [train] done M2_euclid6d_D90_s100 lr=0.001 loss=0.1750 84s
2026-09-28 00:02:32,566 [pid2607] INFO [diag_capacity] 1/4 diag_w512/M2_euclid6d_D90_s100: ok  (86s)
2026-09-28 00:02:33,279 [pid2613] INFO [train] done M4_euler_D90_s100 lr=0.001 loss=0.2913 85s
2026-09-28 00:02:33,497 [pid2607] INFO [diag_capacity] 2/4 diag_w512/M4_euler_D90_s100: ok  (87s)
2026-09-28 00:02:37,885 [pid2614] INFO [train] done M3_quat_D90_s100 lr=0.001 loss=0.0958 90s
2026-09-28 00:02:37,984 [pid2607] INFO [diag_capacity] 3/4 diag_w512/M3_quat_D90_s100: ok  (91s)
2026-09-28 00:02:53,137 [pid2612] INFO [train] done M1_riemannian_D90_s100 lr=0.001 loss=0.1262 105s
2026-09-28 00:02:53,282 [pid2607] INFO [diag_capacity] 4/4 diag_w512/M1_riemannian_D90_s100: ok  (106s)
2026-09-28 00:02:53,289 [pid2607] INFO [diag_capacity] finished: 4 ok, 0 failed
2026-09-28 00:03:48,070 [pid2547] INFO [train] done M1_riemannian_D90_s100 lr=0.001 loss=0.0972 191s
2026-09-28 00:04:10,534 [pid2908] INFO [hpsearch] 36 tasks on 8 workers
2026-09-28 00:18:28,617 [pid2913] INFO [train] done M4_euler_D30_s100 lr=0.001 loss=0.0569 857s
2026-09-28 00:18:30,585 [pid2908] INFO [hpsearch] 1/36 hp_lr0.001/M4_euler_D30_s100: ok  (860s)
2026-09-28 00:19:06,770 [pid2917] INFO [train] done M4_euler_D30_s100 lr=0.0003 loss=0.0903 895s
2026-09-28 00:19:09,756 [pid2908] INFO [hpsearch] 2/36 hp_lr0.0003/M4_euler_D30_s100: ok  (899s)
2026-09-28 00:19:12,379 [pid2910] INFO [train] done M3_quat_D30_s100 lr=0.0003 loss=0.0473 901s
2026-09-28 00:19:15,034 [pid2908] INFO [hpsearch] 3/36 hp_lr0.0003/M3_quat_D30_s100: ok  (904s)
2026-09-28 00:19:19,306 [pid2912] INFO [train] done M2_euclid6d_D30_s100 lr=0.0003 loss=0.0526 908s
2026-09-28 00:19:21,798 [pid2908] INFO [hpsearch] 4/36 hp_lr0.0003/M2_euclid6d_D30_s100: ok  (911s)
2026-09-28 00:19:40,258 [pid2916] INFO [train] done M3_quat_D30_s100 lr=0.001 loss=0.0295 929s
2026-09-28 00:19:42,789 [pid2908] INFO [hpsearch] 5/36 hp_lr0.001/M3_quat_D30_s100: ok  (932s)
2026-09-28 00:19:50,369 [pid2914] INFO [train] done M2_euclid6d_D30_s100 lr=0.001 loss=0.0288 939s
2026-09-28 00:19:52,570 [pid2908] INFO [hpsearch] 6/36 hp_lr0.001/M2_euclid6d_D30_s100: ok  (942s)
2026-09-28 00:21:10,497 [pid2911] INFO [train] done M1_riemannian_D30_s100 lr=0.0003 loss=0.1013 1019s
2026-09-28 00:21:12,877 [pid2908] INFO [hpsearch] 7/36 hp_lr0.0003/M1_riemannian_D30_s100: ok  (1022s)
2026-09-28 00:21:35,971 [pid2915] INFO [train] done M1_riemannian_D30_s100 lr=0.001 loss=0.0767 1044s
2026-09-28 00:21:38,536 [pid2908] INFO [hpsearch] 8/36 hp_lr0.001/M1_riemannian_D30_s100: ok  (1048s)
2026-09-28 00:33:33,485 [pid6345] INFO [train] done M2_euclid6d_D30_s100 lr=0.003 loss=0.0168 861s
2026-09-28 00:33:38,359 [pid2908] INFO [hpsearch] 9/36 hp_lr0.003/M2_euclid6d_D30_s100: ok  (1768s)
2026-09-28 00:33:44,646 [pid6399] INFO [train] done M3_quat_D30_s100 lr=0.003 loss=0.0231 866s
2026-09-28 00:33:47,272 [pid2908] INFO [hpsearch] 10/36 hp_lr0.003/M3_quat_D30_s100: ok  (1777s)
2026-09-28 00:33:53,386 [pid6470] INFO [train] done M4_euler_D30_s100 lr=0.003 loss=0.0679 868s
2026-09-28 00:33:55,933 [pid2908] INFO [hpsearch] 11/36 hp_lr0.003/M4_euler_D30_s100: ok  (1785s)
2026-09-28 00:34:35,941 [pid6829] INFO [train] done M2_euclid6d_D90_s100 lr=0.0003 loss=0.0602 880s
2026-09-28 00:34:39,270 [pid2908] INFO [hpsearch] 12/36 hp_lr0.0003/M2_euclid6d_D90_s100: ok  (1829s)
2026-09-28 00:35:35,088 [pid6055] INFO [train] done M1_riemannian_D30_s100 lr=0.003 loss=0.0760 1022s
2026-09-28 00:35:37,827 [pid2908] INFO [hpsearch] 13/36 hp_lr0.003/M1_riemannian_D30_s100: ok  (1887s)
2026-09-28 00:35:41,089 [pid6917] INFO [train] done M3_quat_D90_s100 lr=0.0003 loss=0.0483 866s
2026-09-28 00:35:43,089 [pid2908] INFO [hpsearch] 14/36 hp_lr0.0003/M3_quat_D90_s100: ok  (1893s)
2026-09-28 00:35:55,459 [pid6714] INFO [train] done M1_riemannian_D90_s100 lr=0.0003 loss=0.1092 970s
2026-09-28 00:35:57,728 [pid2908] INFO [hpsearch] 15/36 hp_lr0.0003/M1_riemannian_D90_s100: ok  (1907s)
2026-09-28 00:35:59,472 [pid7008] INFO [train] done M4_euler_D90_s100 lr=0.0003 loss=0.1428 858s
2026-09-28 00:36:02,040 [pid2908] INFO [hpsearch] 16/36 hp_lr0.0003/M4_euler_D90_s100: ok  (1912s)
2026-09-28 00:48:56,342 [pid11698] INFO [train] done M4_euler_D90_s100 lr=0.001 loss=0.0978 855s
2026-09-28 00:48:57,894 [pid2908] INFO [hpsearch] 17/36 hp_lr0.001/M4_euler_D90_s100: ok  (2687s)
2026-09-28 00:48:59,703 [pid11407] INFO [train] done M2_euclid6d_D90_s100 lr=0.001 loss=0.0354 909s
2026-09-28 00:49:03,161 [pid2908] INFO [hpsearch] 18/36 hp_lr0.001/M2_euclid6d_D90_s100: ok  (2693s)
2026-09-28 00:49:43,382 [pid11471] INFO [train] done M3_quat_D90_s100 lr=0.001 loss=0.0310 944s
2026-09-28 00:49:47,994 [pid2908] INFO [hpsearch] 19/36 hp_lr0.001/M3_quat_D90_s100: ok  (2737s)
2026-09-28 00:50:09,705 [pid11375] INFO [train] done M1_riemannian_D90_s100 lr=0.001 loss=0.0828 989s
2026-09-28 00:50:12,661 [pid2908] INFO [hpsearch] 20/36 hp_lr0.001/M1_riemannian_D90_s100: ok  (2762s)
2026-09-28 00:50:40,034 [pid12278] INFO [train] done M4_euler_D90_s100 lr=0.003 loss=0.1045 875s
2026-09-28 00:50:42,859 [pid2908] INFO [hpsearch] 21/36 hp_lr0.003/M4_euler_D90_s100: ok  (2792s)
2026-09-28 00:50:49,046 [pid12114] INFO [train] done M2_euclid6d_D90_s100 lr=0.003 loss=0.0218 903s
2026-09-28 00:50:51,311 [pid2908] INFO [hpsearch] 22/36 hp_lr0.003/M2_euclid6d_D90_s100: ok  (2801s)
2026-09-28 00:50:56,186 [pid12239] INFO [train] done M3_quat_D90_s100 lr=0.003 loss=0.0245 895s
2026-09-28 00:50:59,228 [pid2908] INFO [hpsearch] 23/36 hp_lr0.003/M3_quat_D90_s100: ok  (2809s)
2026-09-28 00:52:16,346 [pid12058] INFO [train] done M1_riemannian_D90_s100 lr=0.003 loss=0.0780 996s
2026-09-28 00:52:19,859 [pid2908] INFO [hpsearch] 24/36 hp_lr0.003/M1_riemannian_D90_s100: ok  (2889s)
2026-09-28 01:03:37,591 [pid17240] INFO [train] done M2_euclid6d_D150_s100 lr=0.0003 loss=0.0698 871s
2026-09-28 01:03:41,063 [pid2908] INFO [hpsearch] 25/36 hp_lr0.0003/M2_euclid6d_D150_s100: ok  (3571s)
2026-09-28 01:04:11,413 [pid17638] INFO [train] done M4_euler_D150_s100 lr=0.0003 loss=0.2768 836s
2026-09-28 01:04:11,964 [pid17546] INFO [train] done M3_quat_D150_s100 lr=0.0003 loss=0.0807 861s
2026-09-28 01:04:13,584 [pid2908] INFO [hpsearch] 26/36 hp_lr0.0003/M4_euler_D150_s100: ok  (3603s)
2026-09-28 01:04:14,462 [pid2908] INFO [hpsearch] 27/36 hp_lr0.0003/M3_quat_D150_s100: ok  (3604s)
2026-09-28 01:04:40,823 [pid17214] INFO [train] done M1_riemannian_D150_s100 lr=0.0003 loss=0.1198 940s
2026-09-28 01:04:43,222 [pid2908] INFO [hpsearch] 28/36 hp_lr0.0003/M1_riemannian_D150_s100: ok  (3633s)
2026-09-28 01:05:28,548 [pid17749] INFO [train] done M2_euclid6d_D150_s100 lr=0.001 loss=0.0423 874s
2026-09-28 01:05:30,810 [pid2908] INFO [hpsearch] 29/36 hp_lr0.001/M2_euclid6d_D150_s100: ok  (3680s)
2026-09-28 01:05:41,152 [pid17764] INFO [train] done M3_quat_D150_s100 lr=0.001 loss=0.0475 879s
2026-09-28 01:05:43,946 [pid2908] INFO [hpsearch] 30/36 hp_lr0.001/M3_quat_D150_s100: ok  (3693s)
2026-09-28 01:06:00,875 [pid18151] INFO [train] done M4_euler_D150_s100 lr=0.001 loss=0.1956 818s
2026-09-28 01:06:02,773 [pid2908] INFO [hpsearch] 31/36 hp_lr0.001/M4_euler_D150_s100: ok  (3712s)
2026-09-28 01:06:30,071 [pid17725] INFO [train] done M1_riemannian_D150_s100 lr=0.001 loss=0.0920 945s
2026-09-28 01:06:32,623 [pid2908] INFO [hpsearch] 32/36 hp_lr0.001/M1_riemannian_D150_s100: ok  (3742s)
2026-09-28 01:13:27,733 [pid25236] INFO [train] done M4_euler_D150_s100 lr=0.003 loss=0.1132 522s
2026-09-28 01:13:29,788 [pid2908] INFO [hpsearch] 33/36 hp_lr0.003/M4_euler_D150_s100: ok  (4159s)
2026-09-28 01:13:32,685 [pid24898] INFO [train] done M3_quat_D150_s100 lr=0.003 loss=0.0350 555s
2026-09-28 01:13:34,627 [pid2908] INFO [hpsearch] 34/36 hp_lr0.003/M3_quat_D150_s100: ok  (4164s)
2026-09-28 01:13:43,937 [pid24887] INFO [train] done M2_euclid6d_D150_s100 lr=0.003 loss=0.0262 568s
2026-09-28 01:13:44,809 [pid2908] INFO [hpsearch] 35/36 hp_lr0.003/M2_euclid6d_D150_s100: ok  (4174s)
2026-09-28 01:13:55,905 [pid24604] INFO [train] done M1_riemannian_D150_s100 lr=0.003 loss=0.0809 612s
2026-09-28 01:13:56,649 [pid2908] INFO [hpsearch] 36/36 hp_lr0.003/M1_riemannian_D150_s100: ok  (4186s)
2026-09-28 01:13:56,661 [pid2908] INFO [hpsearch] finished: 36 ok, 0 failed
2026-09-28 01:14:01,007 [pid29052] INFO [hpsearch] 36 tasks on 8 workers
2026-09-28 01:14:01,652 [pid29052] INFO [hpsearch] 1/36 hp_lr0.0003/M1_riemannian_D30_s100: ok  (1s)
2026-09-28 01:14:01,659 [pid29052] INFO [hpsearch] 2/36 hp_lr0.0003/M2_euclid6d_D30_s100: ok  (1s)
2026-09-28 01:14:01,667 [pid29052] INFO [hpsearch] 3/36 hp_lr0.0003/M3_quat_D30_s100: ok  (1s)
2026-09-28 01:14:01,676 [pid29052] INFO [hpsearch] 4/36 hp_lr0.0003/M4_euler_D30_s100: ok  (1s)
2026-09-28 01:14:01,678 [pid29052] INFO [hpsearch] 5/36 hp_lr0.001/M1_riemannian_D30_s100: ok  (1s)
2026-09-28 01:14:01,683 [pid29052] INFO [hpsearch] 6/36 hp_lr0.001/M2_euclid6d_D30_s100: ok  (1s)
2026-09-28 01:14:01,687 [pid29052] INFO [hpsearch] 7/36 hp_lr0.001/M3_quat_D30_s100: ok  (1s)
2026-09-28 01:14:01,691 [pid29052] INFO [hpsearch] 8/36 hp_lr0.001/M4_euler_D30_s100: ok  (1s)
2026-09-28 01:14:02,518 [pid29052] INFO [hpsearch] 9/36 hp_lr0.003/M1_riemannian_D30_s100: ok  (2s)
2026-09-28 01:14:02,519 [pid29052] INFO [hpsearch] 10/36 hp_lr0.003/M2_euclid6d_D30_s100: ok  (2s)
2026-09-28 01:14:02,526 [pid29052] INFO [hpsearch] 11/36 hp_lr0.003/M3_quat_D30_s100: ok  (2s)
2026-09-28 01:14:02,533 [pid29052] INFO [hpsearch] 12/36 hp_lr0.003/M4_euler_D30_s100: ok  (2s)
2026-09-28 01:14:02,546 [pid29052] INFO [hpsearch] 13/36 hp_lr0.0003/M1_riemannian_D90_s100: ok  (2s)
2026-09-28 01:14:02,553 [pid29052] INFO [hpsearch] 14/36 hp_lr0.0003/M2_euclid6d_D90_s100: ok  (2s)
2026-09-28 01:14:02,578 [pid29052] INFO [hpsearch] 15/36 hp_lr0.0003/M3_quat_D90_s100: ok  (2s)
2026-09-28 01:14:02,578 [pid29052] INFO [hpsearch] 16/36 hp_lr0.0003/M4_euler_D90_s100: ok  (2s)
2026-09-28 01:14:03,371 [pid29052] INFO [hpsearch] 17/36 hp_lr0.001/M1_riemannian_D90_s100: ok  (2s)
2026-09-28 01:14:03,378 [pid29052] INFO [hpsearch] 18/36 hp_lr0.001/M2_euclid6d_D90_s100: ok  (2s)
2026-09-28 01:14:03,408 [pid29052] INFO [hpsearch] 19/36 hp_lr0.001/M3_quat_D90_s100: ok  (2s)
2026-09-28 01:14:03,443 [pid29052] INFO [hpsearch] 20/36 hp_lr0.001/M4_euler_D90_s100: ok  (2s)
2026-09-28 01:14:03,447 [pid29052] INFO [hpsearch] 21/36 hp_lr0.003/M1_riemannian_D90_s100: ok  (2s)
2026-09-28 01:14:03,455 [pid29052] INFO [hpsearch] 22/36 hp_lr0.003/M2_euclid6d_D90_s100: ok  (2s)
2026-09-28 01:14:03,464 [pid29052] INFO [hpsearch] 23/36 hp_lr0.003/M3_quat_D90_s100: ok  (2s)
2026-09-28 01:14:03,473 [pid29052] INFO [hpsearch] 24/36 hp_lr0.003/M4_euler_D90_s100: ok  (2s)
2026-09-28 01:14:04,238 [pid29052] INFO [hpsearch] 25/36 hp_lr0.0003/M1_riemannian_D150_s100: ok  (3s)
2026-09-28 01:14:04,270 [pid29052] INFO [hpsearch] 26/36 hp_lr0.0003/M2_euclid6d_D150_s100: ok  (3s)
2026-09-28 01:14:04,284 [pid29052] INFO [hpsearch] 27/36 hp_lr0.0003/M3_quat_D150_s100: ok  (3s)
2026-09-28 01:14:04,302 [pid29052] INFO [hpsearch] 28/36 hp_lr0.0003/M4_euler_D150_s100: ok  (3s)
2026-09-28 01:14:04,330 [pid29052] INFO [hpsearch] 29/36 hp_lr0.001/M1_riemannian_D150_s100: ok  (3s)
2026-09-28 01:14:04,330 [pid29052] INFO [hpsearch] 30/36 hp_lr0.001/M2_euclid6d_D150_s100: ok  (3s)
2026-09-28 01:14:04,341 [pid29052] INFO [hpsearch] 31/36 hp_lr0.001/M3_quat_D150_s100: ok  (3s)
2026-09-28 01:14:04,368 [pid29052] INFO [hpsearch] 32/36 hp_lr0.001/M4_euler_D150_s100: ok  (3s)
2026-09-28 01:14:05,070 [pid29052] INFO [hpsearch] 33/36 hp_lr0.003/M1_riemannian_D150_s100: ok  (4s)
2026-09-28 01:14:05,158 [pid29052] INFO [hpsearch] 34/36 hp_lr0.003/M2_euclid6d_D150_s100: ok  (4s)
2026-09-28 01:14:05,228 [pid29052] INFO [hpsearch] 35/36 hp_lr0.003/M3_quat_D150_s100: ok  (4s)
2026-09-28 01:14:05,234 [pid29052] INFO [hpsearch] 36/36 hp_lr0.003/M4_euler_D150_s100: ok  (4s)
2026-09-28 01:14:05,242 [pid29052] INFO [hpsearch] finished: 36 ok, 0 failed
2026-09-28 01:14:05,250 [pid29052] INFO [select] grid [0.0003, 0.001, 0.003]; chosen LRs: {'M1_riemannian': 0.003, 'M2_euclid6d': 0.003, 'M3_quat': 0.003, 'M4_euler': 0.0003}
2026-09-28 01:14:05,252 [pid29052] INFO [tune] selected LR on grid edge {'M1_riemannian': 0.003, 'M2_euclid6d': 0.003, 'M3_quat': 0.003, 'M4_euler': 0.0003}; extending grid for ALL models with [0.01, 0.0001]
2026-09-28 01:14:05,252 [pid29052] INFO [hpsearch] 24 tasks on 8 workers
2026-09-28 01:28:06,949 [pid29135] INFO [train] done M4_euler_D30_s100 lr=0.0001 loss=0.1398 840s
2026-09-28 01:28:10,554 [pid29052] INFO [hpsearch] 1/24 hp_lr0.0001/M4_euler_D30_s100: ok  (845s)
2026-09-28 01:28:21,033 [pid29138] INFO [train] done M3_quat_D30_s100 lr=0.0001 loss=0.0751 854s
2026-09-28 01:28:22,904 [pid29136] INFO [train] done M2_euclid6d_D30_s100 lr=0.0001 loss=0.0902 856s
2026-09-28 01:28:23,423 [pid29052] INFO [hpsearch] 2/24 hp_lr0.0001/M3_quat_D30_s100: ok  (858s)
2026-09-28 01:28:23,978 [pid29139] INFO [train] done M2_euclid6d_D30_s100 lr=0.01 loss=0.6844 857s
2026-09-28 01:28:25,278 [pid29052] INFO [hpsearch] 3/24 hp_lr0.0001/M2_euclid6d_D30_s100: ok  (860s)
2026-09-28 01:28:26,185 [pid29052] INFO [hpsearch] 4/24 hp_lr0.01/M2_euclid6d_D30_s100: ok  (861s)
2026-09-28 01:28:40,226 [pid29137] INFO [train] done M3_quat_D30_s100 lr=0.01 loss=0.6636 874s
2026-09-28 01:28:42,997 [pid29052] INFO [hpsearch] 5/24 hp_lr0.01/M3_quat_D30_s100: ok  (878s)
2026-09-28 01:28:58,975 [pid29141] INFO [train] done M4_euler_D30_s100 lr=0.01 loss=1.8589 892s
2026-09-28 01:29:01,216 [pid29052] INFO [hpsearch] 6/24 hp_lr0.01/M4_euler_D30_s100: ok  (896s)
2026-09-28 01:30:19,477 [pid29134] INFO [train] done M1_riemannian_D30_s100 lr=0.01 loss=0.5455 973s
2026-09-28 01:30:21,730 [pid29052] INFO [hpsearch] 7/24 hp_lr0.01/M1_riemannian_D30_s100: ok  (976s)
2026-09-28 01:30:28,186 [pid29140] INFO [train] done M1_riemannian_D30_s100 lr=0.0001 loss=0.1408 982s
2026-09-28 01:30:32,008 [pid29052] INFO [hpsearch] 8/24 hp_lr0.0001/M1_riemannian_D30_s100: ok  (987s)
2026-09-28 01:42:38,189 [pid36190] INFO [train] done M3_quat_D90_s100 lr=0.01 loss=0.6986 851s
2026-09-28 01:42:40,809 [pid29052] INFO [hpsearch] 9/24 hp_lr0.01/M3_quat_D90_s100: ok  (1716s)
2026-09-28 01:42:42,469 [pid36176] INFO [train] done M2_euclid6d_D90_s100 lr=0.01 loss=0.7657 857s
2026-09-28 01:42:45,102 [pid29052] INFO [hpsearch] 10/24 hp_lr0.01/M2_euclid6d_D90_s100: ok  (1720s)
2026-09-28 01:43:07,758 [pid36191] INFO [train] done M4_euler_D90_s100 lr=0.01 loss=1.2908 879s
2026-09-28 01:43:10,126 [pid29052] INFO [hpsearch] 11/24 hp_lr0.01/M4_euler_D90_s100: ok  (1745s)
2026-09-28 01:43:56,556 [pid36266] INFO [train] done M2_euclid6d_D90_s100 lr=0.0001 loss=0.0985 893s
2026-09-28 01:43:58,519 [pid29052] INFO [hpsearch] 12/24 hp_lr0.0001/M2_euclid6d_D90_s100: ok  (1793s)
2026-09-28 01:45:33,175 [pid36833] INFO [train] done M4_euler_D90_s100 lr=0.0001 loss=0.2315 898s
2026-09-28 01:45:35,717 [pid29052] INFO [hpsearch] 13/24 hp_lr0.0001/M4_euler_D90_s100: ok  (1890s)
2026-09-28 01:45:37,493 [pid36742] INFO [train] done M3_quat_D90_s100 lr=0.0001 loss=0.0749 913s
2026-09-28 01:45:39,431 [pid29052] INFO [hpsearch] 14/24 hp_lr0.0001/M3_quat_D90_s100: ok  (1894s)
2026-09-28 01:45:45,367 [pid36069] INFO [train] done M1_riemannian_D90_s100 lr=0.01 loss=1.2371 1052s
2026-09-28 01:45:48,353 [pid29052] INFO [hpsearch] 15/24 hp_lr0.01/M1_riemannian_D90_s100: ok  (1903s)
2026-09-28 01:46:04,766 [pid36230] INFO [train] done M1_riemannian_D90_s100 lr=0.0001 loss=0.1490 1039s
2026-09-28 01:46:07,686 [pid29052] INFO [hpsearch] 16/24 hp_lr0.0001/M1_riemannian_D90_s100: ok  (1922s)
2026-09-28 01:58:34,219 [pid38175] INFO [train] done M2_euclid6d_D150_s100 lr=0.01 loss=0.7807 946s
2026-09-28 01:58:38,480 [pid29052] INFO [hpsearch] 17/24 hp_lr0.01/M2_euclid6d_D150_s100: ok  (2673s)
2026-09-28 01:58:41,516 [pid38183] INFO [train] done M3_quat_D150_s100 lr=0.01 loss=0.7279 928s
2026-09-28 01:58:42,736 [pid29052] INFO [hpsearch] 18/24 hp_lr0.01/M3_quat_D150_s100: ok  (2677s)
2026-09-28 01:58:55,780 [pid38198] INFO [train] done M4_euler_D150_s100 lr=0.01 loss=1.3221 894s
2026-09-28 01:58:58,833 [pid29052] INFO [hpsearch] 19/24 hp_lr0.01/M4_euler_D150_s100: ok  (2694s)
2026-09-28 01:59:32,092 [pid38173] INFO [train] done M1_riemannian_D150_s100 lr=0.01 loss=0.5800 1008s
2026-09-28 01:59:34,470 [pid29052] INFO [hpsearch] 20/24 hp_lr0.01/M1_riemannian_D150_s100: ok  (2729s)
2026-09-28 01:59:57,120 [pid38217] INFO [train] done M2_euclid6d_D150_s100 lr=0.0001 loss=0.1087 854s
2026-09-28 01:59:58,608 [pid29052] INFO [hpsearch] 21/24 hp_lr0.0001/M2_euclid6d_D150_s100: ok  (2753s)
2026-09-28 02:00:09,391 [pid38224] INFO [train] done M4_euler_D150_s100 lr=0.0001 loss=0.4614 839s
2026-09-28 02:00:10,111 [pid29052] INFO [hpsearch] 22/24 hp_lr0.0001/M4_euler_D150_s100: ok  (2765s)
2026-09-28 02:00:24,540 [pid38222] INFO [train] done M3_quat_D150_s100 lr=0.0001 loss=0.1077 873s
2026-09-28 02:00:25,439 [pid29052] INFO [hpsearch] 23/24 hp_lr0.0001/M3_quat_D150_s100: ok  (2780s)
2026-09-28 02:00:58,875 [pid38215] INFO [train] done M1_riemannian_D150_s100 lr=0.0001 loss=0.1616 920s
2026-09-28 02:00:59,665 [pid29052] INFO [hpsearch] 24/24 hp_lr0.0001/M1_riemannian_D150_s100: ok  (2814s)
2026-09-28 02:00:59,682 [pid29052] INFO [hpsearch] finished: 24 ok, 0 failed
2026-09-28 02:00:59,699 [pid29052] INFO [select] grid [0.0001, 0.0003, 0.001, 0.003, 0.01]; chosen LRs: {'M1_riemannian': 0.003, 'M2_euclid6d': 0.003, 'M3_quat': 0.003, 'M4_euler': 0.0003}
2026-09-28 02:01:00,266 [pid42976] INFO [main] 140 tasks on 8 workers
2026-09-28 02:14:12,637 [pid42996] INFO [train] done M4_euler_D10_s0 lr=0.0003 loss=0.0816 791s
2026-09-28 02:14:14,590 [pid42994] INFO [train] done M4_euler_D30_s0 lr=0.0003 loss=0.0904 793s
2026-09-28 02:14:23,570 [pid42976] INFO [main] 1/140 main/M4_euler_D10_s0: ok  (803s)
2026-09-28 02:14:24,955 [pid42976] INFO [main] 2/140 main/M4_euler_D30_s0: ok  (805s)
2026-09-28 02:14:36,866 [pid42991] INFO [train] done M2_euclid6d_D30_s0 lr=0.003 loss=0.0168 815s
2026-09-28 02:14:46,227 [pid42992] INFO [train] done M1_riemannian_D10_s0 lr=0.003 loss=0.0733 825s
2026-09-28 02:14:47,795 [pid42976] INFO [main] 3/140 main/M2_euclid6d_D30_s0: ok  (828s)
2026-09-28 02:14:58,145 [pid42976] INFO [main] 4/140 main/M1_riemannian_D10_s0: ok  (838s)
2026-09-28 02:15:02,131 [pid42997] INFO [train] done M2_euclid6d_D10_s0 lr=0.003 loss=0.0210 841s
2026-09-28 02:15:13,084 [pid42976] INFO [main] 5/140 main/M2_euclid6d_D10_s0: ok  (853s)
2026-09-28 02:15:17,616 [pid42995] INFO [train] done M3_quat_D10_s0 lr=0.003 loss=0.0248 856s
2026-09-28 02:15:27,948 [pid42976] INFO [main] 6/140 main/M3_quat_D10_s0: ok  (868s)
2026-09-28 02:15:57,736 [pid42998] INFO [train] done M3_quat_D30_s0 lr=0.003 loss=0.0232 896s
2026-09-28 02:16:08,224 [pid42976] INFO [main] 7/140 main/M3_quat_D30_s0: ok  (908s)
2026-09-28 02:17:11,762 [pid42993] INFO [train] done M1_riemannian_D30_s0 lr=0.003 loss=0.0884 970s
2026-09-28 02:17:24,357 [pid42976] INFO [main] 8/140 main/M1_riemannian_D30_s0: ok  (984s)
2026-09-28 02:26:57,879 [pid45286] INFO [train] done M2_euclid6d_D60_s0 lr=0.003 loss=0.0196 750s
2026-09-28 02:27:08,561 [pid42976] INFO [main] 9/140 main/M2_euclid6d_D60_s0: ok  (1568s)
2026-09-28 02:28:18,314 [pid45285] INFO [train] done M1_riemannian_D60_s0 lr=0.003 loss=0.0819 832s
2026-09-28 02:28:30,778 [pid42976] INFO [main] 10/140 main/M1_riemannian_D60_s0: ok  (1651s)
2026-09-28 02:28:44,867 [pid45291] INFO [train] done M4_euler_D60_s0 lr=0.0003 loss=0.1076 824s
2026-09-28 02:28:48,392 [pid45290] INFO [train] done M3_quat_D60_s0 lr=0.003 loss=0.0239 838s
2026-09-28 02:28:55,737 [pid42976] INFO [main] 11/140 main/M4_euler_D60_s0: ok  (1675s)
2026-09-28 02:28:58,531 [pid42976] INFO [main] 12/140 main/M3_quat_D60_s0: ok  (1678s)
2026-09-28 02:30:03,401 [pid45315] INFO [train] done M4_euler_D90_s0 lr=0.0003 loss=0.1442 757s
2026-09-28 02:30:09,126 [pid45296] INFO [train] done M1_riemannian_D90_s0 lr=0.003 loss=0.0795 893s
2026-09-28 02:30:13,949 [pid42976] INFO [main] 13/140 main/M4_euler_D90_s0: ok  (1754s)
2026-09-28 02:30:21,026 [pid42976] INFO [main] 14/140 main/M1_riemannian_D90_s0: ok  (1761s)
2026-09-28 02:30:49,795 [pid45297] INFO [train] done M2_euclid6d_D90_s0 lr=0.003 loss=0.0222 919s
2026-09-28 02:30:55,204 [pid45302] INFO [train] done M3_quat_D90_s0 lr=0.003 loss=0.0247 885s
2026-09-28 02:31:01,237 [pid42976] INFO [main] 15/140 main/M2_euclid6d_D90_s0: ok  (1801s)
2026-09-28 02:31:05,306 [pid42976] INFO [main] 16/140 main/M3_quat_D90_s0: ok  (1805s)
2026-09-28 02:41:25,338 [pid45418] INFO [train] done M2_euclid6d_D120_s0 lr=0.003 loss=0.0243 772s
2026-09-28 02:41:28,412 [pid45405] INFO [train] done M1_riemannian_D120_s0 lr=0.003 loss=0.0816 857s
2026-09-28 02:41:30,674 [pid45424] INFO [train] done M4_euler_D120_s0 lr=0.0003 loss=0.2036 749s
2026-09-28 02:41:36,036 [pid42976] INFO [main] 17/140 main/M2_euclid6d_D120_s0: ok  (2436s)
2026-09-28 02:41:39,669 [pid42976] INFO [main] 18/140 main/M4_euler_D120_s0: ok  (2439s)
2026-09-28 02:41:40,256 [pid42976] INFO [main] 19/140 main/M1_riemannian_D120_s0: ok  (2440s)
2026-09-28 02:43:29,776 [pid45423] INFO [train] done M3_quat_D120_s0 lr=0.003 loss=0.0255 872s
2026-09-28 02:43:40,252 [pid42976] INFO [main] 20/140 main/M3_quat_D120_s0: ok  (2560s)
2026-09-28 02:44:46,903 [pid45439] INFO [train] done M1_riemannian_D150_s0 lr=0.003 loss=0.0819 871s
2026-09-28 02:44:47,262 [pid45448] INFO [train] done M4_euler_D150_s0 lr=0.0003 loss=0.2701 819s
2026-09-28 02:44:57,984 [pid42976] INFO [main] 21/140 main/M4_euler_D150_s0: ok  (2638s)
2026-09-28 02:44:59,692 [pid42976] INFO [main] 22/140 main/M1_riemannian_D150_s0: ok  (2639s)
2026-09-28 02:45:04,231 [pid45443] INFO [train] done M2_euclid6d_D150_s0 lr=0.003 loss=0.0262 880s
2026-09-28 02:45:15,221 [pid42976] INFO [main] 23/140 main/M2_euclid6d_D150_s0: ok  (2655s)
2026-09-28 02:45:56,213 [pid45447] INFO [train] done M3_quat_D150_s0 lr=0.003 loss=0.0349 893s
2026-09-28 02:46:06,499 [pid42976] INFO [main] 24/140 main/M3_quat_D150_s0: ok  (2706s)
2026-09-28 02:53:16,794 [pid45571] INFO [train] done M2_euclid6d_D175_s0 lr=0.003 loss=0.0278 695s
2026-09-28 02:53:27,784 [pid42976] INFO [main] 25/140 main/M2_euclid6d_D175_s0: ok  (3148s)
2026-09-28 02:55:22,783 [pid45572] INFO [train] done M3_quat_D175_s0 lr=0.003 loss=0.0374 820s
2026-09-28 02:55:33,130 [pid42976] INFO [main] 26/140 main/M3_quat_D175_s0: ok  (3273s)
2026-09-28 02:55:42,184 [pid45569] INFO [train] done M1_riemannian_D175_s0 lr=0.003 loss=0.0816 844s
2026-09-28 02:55:55,037 [pid42976] INFO [main] 27/140 main/M1_riemannian_D175_s0: ok  (3295s)
2026-09-28 02:57:19,881 [pid45593] INFO [train] done M4_euler_D175_s0 lr=0.0003 loss=0.2970 817s
2026-09-28 02:57:30,234 [pid42976] INFO [main] 28/140 main/M4_euler_D175_s0: ok  (3390s)
2026-09-28 02:59:05,000 [pid45619] INFO [train] done M4_euler_D10_s1 lr=0.0003 loss=0.0809 776s
2026-09-28 02:59:06,247 [pid45610] INFO [train] done M2_euclid6d_D10_s1 lr=0.003 loss=0.0211 844s
2026-09-28 02:59:15,632 [pid42976] INFO [main] 29/140 main/M4_euler_D10_s1: ok  (3495s)
2026-09-28 02:59:16,796 [pid42976] INFO [main] 30/140 main/M2_euclid6d_D10_s1: ok  (3497s)
2026-09-28 02:59:20,816 [pid45609] INFO [train] done M1_riemannian_D10_s1 lr=0.003 loss=0.0755 860s
2026-09-28 02:59:33,626 [pid42976] INFO [main] 31/140 main/M1_riemannian_D10_s1: ok  (3513s)
2026-09-28 03:00:06,511 [pid45616] INFO [train] done M3_quat_D10_s1 lr=0.003 loss=0.0241 888s
2026-09-28 03:00:16,990 [pid42976] INFO [main] 32/140 main/M3_quat_D10_s1: ok  (3557s)
2026-09-28 03:07:54,743 [pid45688] INFO [train] done M1_riemannian_D30_s1 lr=0.003 loss=0.2316 865s
2026-09-28 03:08:07,315 [pid42976] INFO [main] 33/140 main/M1_riemannian_D30_s1: ok  (4027s)
2026-09-28 03:09:28,432 [pid45704] INFO [train] done M2_euclid6d_D30_s1 lr=0.003 loss=0.0172 833s
2026-09-28 03:09:38,224 [pid45713] INFO [train] done M3_quat_D30_s1 lr=0.003 loss=0.0234 821s
2026-09-28 03:09:39,279 [pid42976] INFO [main] 34/140 main/M2_euclid6d_D30_s1: ok  (4119s)
2026-09-28 03:09:48,006 [pid42976] INFO [main] 35/140 main/M3_quat_D30_s1: ok  (4128s)
2026-09-28 03:09:55,234 [pid45737] INFO [train] done M4_euler_D30_s1 lr=0.0003 loss=0.0912 743s
2026-09-28 03:10:05,618 [pid42976] INFO [main] 36/140 main/M4_euler_D30_s1: ok  (4145s)
2026-09-28 03:12:29,409 [pid45769] INFO [train] done M2_euclid6d_D60_s1 lr=0.003 loss=0.0198 790s
2026-09-28 03:12:39,900 [pid42976] INFO [main] 37/140 main/M2_euclid6d_D60_s1: ok  (4300s)
2026-09-28 03:12:43,085 [pid45782] INFO [train] done M4_euler_D60_s1 lr=0.0003 loss=0.1069 744s
2026-09-28 03:12:53,057 [pid45771] INFO [train] done M3_quat_D60_s1 lr=0.003 loss=0.0237 797s
2026-09-28 03:12:53,199 [pid42976] INFO [main] 38/140 main/M4_euler_D60_s1: ok  (4313s)
2026-09-28 03:13:02,707 [pid42976] INFO [main] 39/140 main/M3_quat_D60_s1: ok  (4322s)
2026-09-28 03:13:22,610 [pid45766] INFO [train] done M1_riemannian_D60_s1 lr=0.003 loss=0.0759 845s
2026-09-28 03:13:35,232 [pid42976] INFO [main] 40/140 main/M1_riemannian_D60_s1: ok  (4355s)
2026-09-28 03:22:35,001 [pid45880] INFO [train] done M4_euler_D90_s1 lr=0.0003 loss=0.1447 747s
2026-09-28 03:22:45,208 [pid42976] INFO [main] 41/140 main/M4_euler_D90_s1: ok  (4905s)
2026-09-28 03:23:37,390 [pid45858] INFO [train] done M1_riemannian_D90_s1 lr=0.003 loss=0.0783 928s
2026-09-28 03:23:49,831 [pid42976] INFO [main] 42/140 main/M1_riemannian_D90_s1: ok  (4970s)
2026-09-28 03:24:28,001 [pid45879] INFO [train] done M3_quat_D90_s1 lr=0.003 loss=0.0250 877s
2026-09-28 03:24:33,593 [pid45874] INFO [train] done M2_euclid6d_D90_s1 lr=0.003 loss=0.0225 892s
2026-09-28 03:24:38,705 [pid42976] INFO [main] 43/140 main/M3_quat_D90_s1: ok  (5018s)
2026-09-28 03:24:43,700 [pid42976] INFO [main] 44/140 main/M2_euclid6d_D90_s1: ok  (5023s)
2026-09-28 03:25:11,015 [pid45917] INFO [train] done M2_euclid6d_D120_s1 lr=0.003 loss=0.0241 736s
2026-09-28 03:25:21,864 [pid42976] INFO [main] 45/140 main/M2_euclid6d_D120_s1: ok  (5062s)
2026-09-28 03:26:30,025 [pid45919] INFO [train] done M3_quat_D120_s1 lr=0.003 loss=0.0248 805s
2026-09-28 03:26:40,458 [pid42976] INFO [main] 46/140 main/M3_quat_D120_s1: ok  (5140s)
2026-09-28 03:27:08,540 [pid45909] INFO [train] done M1_riemannian_D120_s1 lr=0.003 loss=0.0811 866s
2026-09-28 03:27:20,830 [pid42976] INFO [main] 47/140 main/M1_riemannian_D120_s1: ok  (5181s)
2026-09-28 03:28:24,129 [pid45924] INFO [train] done M4_euler_D120_s1 lr=0.0003 loss=0.2021 887s
2026-09-28 03:28:34,097 [pid42976] INFO [main] 48/140 main/M4_euler_D120_s1: ok  (5254s)
2026-09-28 03:37:09,714 [pid46055] INFO [train] done M2_euclid6d_D150_s1 lr=0.003 loss=0.0266 797s
2026-09-28 03:37:20,607 [pid42976] INFO [main] 49/140 main/M2_euclid6d_D150_s1: ok  (5780s)
2026-09-28 03:38:03,837 [pid46065] INFO [train] done M4_euler_D150_s1 lr=0.0003 loss=0.2736 797s
2026-09-28 03:38:11,982 [pid46042] INFO [train] done M1_riemannian_D150_s1 lr=0.003 loss=0.0840 924s
2026-09-28 03:38:14,171 [pid42976] INFO [main] 50/140 main/M4_euler_D150_s1: ok  (5834s)
2026-09-28 03:38:17,545 [pid46063] INFO [train] done M3_quat_D150_s1 lr=0.003 loss=0.0354 816s
2026-09-28 03:38:23,517 [pid42976] INFO [main] 51/140 main/M1_riemannian_D150_s1: ok  (5843s)
2026-09-28 03:38:27,456 [pid42976] INFO [main] 52/140 main/M3_quat_D150_s1: ok  (5847s)
2026-09-28 03:39:27,595 [pid46082] INFO [train] done M2_euclid6d_D175_s1 lr=0.003 loss=0.0281 765s
2026-09-28 03:39:38,583 [pid42976] INFO [main] 53/140 main/M2_euclid6d_D175_s1: ok  (5918s)
2026-09-28 03:40:38,942 [pid46072] INFO [train] done M1_riemannian_D175_s1 lr=0.003 loss=0.0832 915s
2026-09-28 03:40:43,094 [pid46091] INFO [train] done M3_quat_D175_s1 lr=0.003 loss=0.0371 800s
2026-09-28 03:40:52,118 [pid42976] INFO [main] 54/140 main/M1_riemannian_D175_s1: ok  (5992s)
2026-09-28 03:40:53,378 [pid42976] INFO [main] 55/140 main/M3_quat_D175_s1: ok  (5993s)
2026-09-28 03:41:49,378 [pid46100] INFO [train] done M4_euler_D175_s1 lr=0.0003 loss=0.2963 793s
2026-09-28 03:41:59,824 [pid42976] INFO [main] 56/140 main/M4_euler_D175_s1: ok  (6060s)
2026-09-28 03:51:43,265 [pid46192] INFO [train] done M3_quat_D10_s2 lr=0.003 loss=0.0230 797s
2026-09-28 03:51:53,629 [pid42976] INFO [main] 57/140 main/M3_quat_D10_s2: ok  (6653s)
2026-09-28 03:52:05,589 [pid46180] INFO [train] done M1_riemannian_D10_s2 lr=0.003 loss=0.0709 882s
2026-09-28 03:52:18,323 [pid42976] INFO [main] 58/140 main/M1_riemannian_D10_s2: ok  (6678s)
2026-09-28 03:52:42,556 [pid46185] INFO [train] done M2_euclid6d_D10_s2 lr=0.003 loss=0.0239 866s
2026-09-28 03:52:46,657 [pid46193] INFO [train] done M4_euler_D10_s2 lr=0.0003 loss=0.0814 856s
2026-09-28 03:52:53,552 [pid42976] INFO [main] 59/140 main/M2_euclid6d_D10_s2: ok  (6713s)
2026-09-28 03:52:56,154 [pid42976] INFO [main] 60/140 main/M4_euler_D10_s2: ok  (6716s)
2026-09-28 03:53:11,854 [pid46220] INFO [train] done M2_euclid6d_D30_s2 lr=0.003 loss=0.0172 737s
2026-09-28 03:53:22,681 [pid42976] INFO [main] 61/140 main/M2_euclid6d_D30_s2: ok  (6742s)
2026-09-28 03:53:41,040 [pid46222] INFO [train] done M3_quat_D30_s2 lr=0.003 loss=0.0232 765s
2026-09-28 03:53:51,227 [pid42976] INFO [main] 62/140 main/M3_quat_D30_s2: ok  (6771s)
2026-09-28 03:55:00,330 [pid46230] INFO [train] done M4_euler_D30_s2 lr=0.0003 loss=0.0912 778s
2026-09-28 03:55:10,602 [pid42976] INFO [main] 63/140 main/M4_euler_D30_s2: ok  (6850s)
2026-09-28 03:55:34,401 [pid46203] INFO [train] done M1_riemannian_D30_s2 lr=0.003 loss=0.0733 953s
2026-09-28 03:55:46,725 [pid42976] INFO [main] 64/140 main/M1_riemannian_D30_s2: ok  (6886s)
2026-09-28 04:04:50,782 [pid46338] INFO [train] done M2_euclid6d_D60_s2 lr=0.003 loss=0.0195 750s
2026-09-28 04:05:01,871 [pid42976] INFO [main] 65/140 main/M2_euclid6d_D60_s2: ok  (7442s)
2026-09-28 04:05:54,144 [pid46348] INFO [train] done M4_euler_D60_s2 lr=0.0003 loss=0.1069 775s
2026-09-28 04:06:04,240 [pid42976] INFO [main] 66/140 main/M4_euler_D60_s2: ok  (7504s)
2026-09-28 04:06:17,338 [pid46332] INFO [train] done M1_riemannian_D60_s2 lr=0.003 loss=0.0749 861s
2026-09-28 04:06:29,871 [pid42976] INFO [main] 67/140 main/M1_riemannian_D60_s2: ok  (7530s)
2026-09-28 04:07:00,716 [pid46370] INFO [train] done M3_quat_D90_s2 lr=0.003 loss=0.0248 708s
2026-09-28 04:07:11,186 [pid42976] INFO [main] 68/140 main/M3_quat_D90_s2: ok  (7571s)
2026-09-28 04:07:18,221 [pid46360] INFO [train] done M2_euclid6d_D90_s2 lr=0.003 loss=0.0220 805s
2026-09-28 04:07:29,269 [pid42976] INFO [main] 69/140 main/M2_euclid6d_D90_s2: ok  (7589s)
2026-09-28 04:08:24,325 [pid46346] INFO [train] done M3_quat_D60_s2 lr=0.003 loss=0.0236 928s
2026-09-28 04:08:34,771 [pid42976] INFO [main] 70/140 main/M3_quat_D60_s2: ok  (7655s)
2026-09-28 04:08:56,549 [pid46354] INFO [train] done M1_riemannian_D90_s2 lr=0.003 loss=0.0790 932s
2026-09-28 04:09:08,968 [pid42976] INFO [main] 71/140 main/M1_riemannian_D90_s2: ok  (7689s)
2026-09-28 04:09:47,485 [pid46378] INFO [train] done M4_euler_D90_s2 lr=0.0003 loss=0.1431 838s
2026-09-28 04:09:57,718 [pid42976] INFO [main] 72/140 main/M4_euler_D90_s2: ok  (7737s)
2026-09-28 04:18:16,108 [pid46474] INFO [train] done M1_riemannian_D120_s2 lr=0.003 loss=0.0808 792s
2026-09-28 04:18:28,833 [pid42976] INFO [main] 73/140 main/M1_riemannian_D120_s2: ok  (8249s)
2026-09-28 04:20:10,865 [pid46483] INFO [train] done M2_euclid6d_D120_s2 lr=0.003 loss=0.0247 844s
2026-09-28 04:20:15,170 [pid46495] INFO [train] done M4_euler_D120_s2 lr=0.0003 loss=0.2033 782s
2026-09-28 04:20:22,302 [pid42976] INFO [main] 74/140 main/M2_euclid6d_D120_s2: ok  (8362s)
2026-09-28 04:20:24,864 [pid42976] INFO [main] 75/140 main/M4_euler_D120_s2: ok  (8365s)
2026-09-28 04:20:30,093 [pid46490] INFO [train] done M3_quat_D120_s2 lr=0.003 loss=0.0254 838s
2026-09-28 04:20:40,527 [pid42976] INFO [main] 76/140 main/M3_quat_D120_s2: ok  (8380s)
2026-09-28 04:21:15,481 [pid46501] INFO [train] done M1_riemannian_D150_s2 lr=0.003 loss=0.0821 824s
2026-09-28 04:21:27,949 [pid42976] INFO [main] 77/140 main/M1_riemannian_D150_s2: ok  (8428s)
2026-09-28 04:22:17,899 [pid46520] INFO [train] done M3_quat_D150_s2 lr=0.003 loss=0.0352 787s
2026-09-28 04:22:28,518 [pid42976] INFO [main] 78/140 main/M3_quat_D150_s2: ok  (8488s)
2026-09-28 04:23:41,388 [pid46537] INFO [train] done M4_euler_D150_s2 lr=0.0003 loss=0.2717 821s
2026-09-28 04:23:51,639 [pid42976] INFO [main] 79/140 main/M4_euler_D150_s2: ok  (8571s)
2026-09-28 04:24:27,573 [pid46510] INFO [train] done M2_euclid6d_D150_s2 lr=0.003 loss=0.0262 950s
2026-09-28 04:24:38,287 [pid42976] INFO [main] 80/140 main/M2_euclid6d_D150_s2: ok  (8618s)
2026-09-28 04:32:41,883 [pid46650] INFO [train] done M4_euler_D175_s2 lr=0.0003 loss=0.2978 719s
2026-09-28 04:32:48,290 [pid46642] INFO [train] done M2_euclid6d_D175_s2 lr=0.003 loss=0.0281 744s
2026-09-28 04:32:52,557 [pid42976] INFO [main] 81/140 main/M4_euler_D175_s2: ok  (9112s)
2026-09-28 04:32:58,276 [pid42976] INFO [main] 82/140 main/M2_euclid6d_D175_s2: ok  (9118s)
2026-09-28 04:34:30,293 [pid46646] INFO [train] done M3_quat_D175_s2 lr=0.003 loss=0.0374 843s
2026-09-28 04:34:40,804 [pid42976] INFO [main] 83/140 main/M3_quat_D175_s2: ok  (9221s)
2026-09-28 04:34:54,739 [pid46617] INFO [train] done M1_riemannian_D175_s2 lr=0.003 loss=0.0821 983s
2026-09-28 04:35:07,157 [pid42976] INFO [main] 84/140 main/M1_riemannian_D175_s2: ok  (9247s)
2026-09-28 04:35:31,854 [pid46660] INFO [train] done M1_riemannian_D10_s3 lr=0.003 loss=0.0720 841s
2026-09-28 04:35:44,406 [pid42976] INFO [main] 85/140 main/M1_riemannian_D10_s3: ok  (9284s)
2026-09-28 04:36:57,146 [pid46672] INFO [train] done M2_euclid6d_D10_s3 lr=0.003 loss=0.0180 866s
2026-09-28 04:37:07,980 [pid42976] INFO [main] 86/140 main/M2_euclid6d_D10_s3: ok  (9368s)
2026-09-28 04:37:10,061 [pid46687] INFO [train] done M3_quat_D10_s3 lr=0.003 loss=0.0251 796s
2026-09-28 04:37:20,201 [pid42976] INFO [main] 87/140 main/M3_quat_D10_s3: ok  (9380s)
2026-09-28 04:37:34,865 [pid46696] INFO [train] done M4_euler_D10_s3 lr=0.0003 loss=0.0810 774s
2026-09-28 04:37:44,946 [pid42976] INFO [main] 88/140 main/M4_euler_D10_s3: ok  (9405s)
2026-09-28 04:47:03,329 [pid46793] INFO [train] done M3_quat_D30_s3 lr=0.003 loss=0.0233 740s
2026-09-28 04:47:04,423 [pid46777] INFO [train] done M2_euclid6d_D30_s3 lr=0.003 loss=0.0164 843s
2026-09-28 04:47:10,337 [pid46775] INFO [train] done M1_riemannian_D30_s3 lr=0.003 loss=0.0856 855s
2026-09-28 04:47:14,148 [pid42976] INFO [main] 89/140 main/M3_quat_D30_s3: ok  (9974s)
2026-09-28 04:47:15,166 [pid42976] INFO [main] 90/140 main/M2_euclid6d_D30_s3: ok  (9975s)
2026-09-28 04:47:21,089 [pid42976] INFO [main] 91/140 main/M1_riemannian_D30_s3: ok  (9981s)
2026-09-28 04:48:48,162 [pid46801] INFO [train] done M4_euler_D30_s3 lr=0.0003 loss=0.0905 819s
2026-09-28 04:48:58,452 [pid42976] INFO [main] 92/140 main/M4_euler_D30_s3: ok  (10078s)
2026-09-28 04:49:37,970 [pid46816] INFO [train] done M1_riemannian_D60_s3 lr=0.003 loss=0.0790 831s
2026-09-28 04:49:50,408 [pid42976] INFO [main] 93/140 main/M1_riemannian_D60_s3: ok  (10130s)
2026-09-28 04:50:06,225 [pid46839] INFO [train] done M4_euler_D60_s3 lr=0.0003 loss=0.1078 739s
2026-09-28 04:50:16,529 [pid42976] INFO [main] 94/140 main/M4_euler_D60_s3: ok  (10156s)
2026-09-28 04:51:20,783 [pid46829] INFO [train] done M2_euclid6d_D60_s3 lr=0.003 loss=0.0197 850s
2026-09-28 04:51:31,439 [pid42976] INFO [main] 95/140 main/M2_euclid6d_D60_s3: ok  (10231s)
2026-09-28 04:52:11,968 [pid46836] INFO [train] done M3_quat_D60_s3 lr=0.003 loss=0.0240 889s
2026-09-28 04:52:22,350 [pid42976] INFO [main] 96/140 main/M3_quat_D60_s3: ok  (10282s)
2026-09-28 05:00:56,912 [pid46937] INFO [train] done M3_quat_D90_s3 lr=0.003 loss=0.0249 813s
2026-09-28 05:01:07,276 [pid42976] INFO [main] 97/140 main/M3_quat_D90_s3: ok  (10807s)
2026-09-28 05:01:26,079 [pid46931] INFO [train] done M1_riemannian_D90_s3 lr=0.003 loss=0.0783 850s
2026-09-28 05:01:38,722 [pid42976] INFO [main] 98/140 main/M1_riemannian_D90_s3: ok  (10838s)
2026-09-28 05:01:42,729 [pid46932] INFO [train] done M2_euclid6d_D90_s3 lr=0.003 loss=0.0224 865s
2026-09-28 05:01:53,601 [pid42976] INFO [main] 99/140 main/M2_euclid6d_D90_s3: ok  (10853s)
2026-09-28 05:03:02,949 [pid46953] INFO [train] done M4_euler_D90_s3 lr=0.0003 loss=0.1467 842s
2026-09-28 05:03:13,194 [pid42976] INFO [main] 100/140 main/M4_euler_D90_s3: ok  (10933s)
2026-09-28 05:03:44,539 [pid46962] INFO [train] done M1_riemannian_D120_s3 lr=0.003 loss=0.0805 832s
2026-09-28 05:03:57,035 [pid42976] INFO [main] 101/140 main/M1_riemannian_D120_s3: ok  (10977s)
2026-09-28 05:04:23,346 [pid46970] INFO [train] done M2_euclid6d_D120_s3 lr=0.003 loss=0.0246 845s
2026-09-28 05:04:34,320 [pid42976] INFO [main] 102/140 main/M2_euclid6d_D120_s3: ok  (11014s)
2026-09-28 05:05:19,212 [pid46985] INFO [train] done M3_quat_D120_s3 lr=0.003 loss=0.0255 825s
2026-09-28 05:05:29,580 [pid42976] INFO [main] 103/140 main/M3_quat_D120_s3: ok  (11069s)
2026-09-28 05:05:42,109 [pid46991] INFO [train] done M4_euler_D120_s3 lr=0.0003 loss=0.2030 797s
2026-09-28 05:05:52,493 [pid42976] INFO [main] 104/140 main/M4_euler_D120_s3: ok  (11092s)
2026-09-28 05:12:52,384 [pid47089] INFO [train] done M2_euclid6d_D150_s3 lr=0.003 loss=0.0263 671s
2026-09-28 05:13:03,225 [pid42976] INFO [main] 105/140 main/M2_euclid6d_D150_s3: ok  (11523s)
2026-09-28 05:15:26,424 [pid47110] INFO [train] done M4_euler_D150_s3 lr=0.0003 loss=0.2705 731s
2026-09-28 05:15:36,661 [pid42976] INFO [main] 106/140 main/M4_euler_D150_s3: ok  (11676s)
2026-09-28 05:15:44,838 [pid47092] INFO [train] done M3_quat_D150_s3 lr=0.003 loss=0.0345 829s
2026-09-28 05:15:55,045 [pid42976] INFO [main] 107/140 main/M3_quat_D150_s3: ok  (11695s)
2026-09-28 05:16:34,676 [pid47126] INFO [train] done M2_euclid6d_D175_s3 lr=0.003 loss=0.0279 718s
2026-09-28 05:16:45,367 [pid42976] INFO [main] 108/140 main/M2_euclid6d_D175_s3: ok  (11745s)
2026-09-28 05:16:59,679 [pid47083] INFO [train] done M1_riemannian_D150_s3 lr=0.003 loss=0.0808 950s
2026-09-28 05:17:12,474 [pid42976] INFO [main] 109/140 main/M1_riemannian_D150_s3: ok  (11772s)
2026-09-28 05:19:07,536 [pid47119] INFO [train] done M1_riemannian_D175_s3 lr=0.003 loss=0.0824 908s
2026-09-28 05:19:20,308 [pid42976] INFO [main] 110/140 main/M1_riemannian_D175_s3: ok  (11900s)
2026-09-28 05:19:30,009 [pid47143] INFO [train] done M4_euler_D175_s3 lr=0.0003 loss=0.2983 815s
2026-09-28 05:19:40,161 [pid42976] INFO [main] 111/140 main/M4_euler_D175_s3: ok  (11920s)
2026-09-28 05:20:37,696 [pid47137] INFO [train] done M3_quat_D175_s3 lr=0.003 loss=0.0372 906s
2026-09-28 05:20:48,098 [pid42976] INFO [main] 112/140 main/M3_quat_D175_s3: ok  (11988s)
2026-09-28 05:27:22,255 [pid47217] INFO [train] done M1_riemannian_D10_s4 lr=0.003 loss=0.1416 857s
2026-09-28 05:27:34,737 [pid42976] INFO [main] 113/140 main/M1_riemannian_D10_s4: ok  (12394s)
2026-09-28 05:28:36,766 [pid47246] INFO [train] done M2_euclid6d_D10_s4 lr=0.003 loss=0.0229 778s
2026-09-28 05:28:47,833 [pid42976] INFO [main] 114/140 main/M2_euclid6d_D10_s4: ok  (12468s)
2026-09-28 05:29:59,989 [pid47249] INFO [train] done M3_quat_D10_s4 lr=0.003 loss=0.0240 843s
2026-09-28 05:30:10,411 [pid42976] INFO [main] 115/140 main/M3_quat_D10_s4: ok  (12550s)
2026-09-28 05:30:14,063 [pid47257] INFO [train] done M4_euler_D10_s4 lr=0.0003 loss=0.0807 806s
2026-09-28 05:30:24,337 [pid42976] INFO [main] 116/140 main/M4_euler_D10_s4: ok  (12564s)
2026-09-28 05:31:58,179 [pid47284] INFO [train] done M2_euclid6d_D30_s4 lr=0.003 loss=0.0168 755s
2026-09-28 05:32:09,161 [pid42976] INFO [main] 117/140 main/M2_euclid6d_D30_s4: ok  (12669s)
2026-09-28 05:32:44,447 [pid47290] INFO [train] done M3_quat_D30_s4 lr=0.003 loss=0.0231 782s
2026-09-28 05:32:53,124 [pid47262] INFO [train] done M1_riemannian_D30_s4 lr=0.003 loss=0.0738 938s
2026-09-28 05:32:54,789 [pid42976] INFO [main] 118/140 main/M3_quat_D30_s4: ok  (12715s)
2026-09-28 05:33:04,507 [pid42976] INFO [main] 119/140 main/M1_riemannian_D30_s4: ok  (12724s)
2026-09-28 05:35:00,018 [pid47307] INFO [train] done M4_euler_D30_s4 lr=0.0003 loss=0.0900 849s
2026-09-28 05:35:10,223 [pid42976] INFO [main] 120/140 main/M4_euler_D30_s4: ok  (12850s)
2026-09-28 05:42:29,042 [pid47374] INFO [train] done M1_riemannian_D60_s4 lr=0.003 loss=0.1167 892s
2026-09-28 05:42:41,737 [pid42976] INFO [main] 121/140 main/M1_riemannian_D60_s4: ok  (13301s)
2026-09-28 05:42:57,212 [pid47387] INFO [train] done M2_euclid6d_D60_s4 lr=0.003 loss=0.0194 847s
2026-09-28 05:43:08,081 [pid42976] INFO [main] 122/140 main/M2_euclid6d_D60_s4: ok  (13328s)
2026-09-28 05:43:16,165 [pid47404] INFO [train] done M3_quat_D60_s4 lr=0.003 loss=0.0236 783s
2026-09-28 05:43:26,479 [pid47410] INFO [train] done M4_euler_D60_s4 lr=0.0003 loss=0.1040 780s
2026-09-28 05:43:26,550 [pid42976] INFO [main] 123/140 main/M3_quat_D60_s4: ok  (13346s)
2026-09-28 05:43:35,740 [pid42976] INFO [main] 124/140 main/M4_euler_D60_s4: ok  (13355s)
2026-09-28 05:46:18,735 [pid47437] INFO [train] done M2_euclid6d_D90_s4 lr=0.003 loss=0.0220 802s
2026-09-28 05:46:29,430 [pid42976] INFO [main] 125/140 main/M2_euclid6d_D90_s4: ok  (13529s)
2026-09-28 05:46:40,918 [pid47440] INFO [train] done M3_quat_D90_s4 lr=0.003 loss=0.0246 814s
2026-09-28 05:46:41,455 [pid47458] INFO [train] done M4_euler_D90_s4 lr=0.0003 loss=0.1435 689s
2026-09-28 05:46:51,979 [pid42976] INFO [main] 126/140 main/M3_quat_D90_s4: ok  (13552s)
2026-09-28 05:46:52,288 [pid42976] INFO [main] 127/140 main/M4_euler_D90_s4: ok  (13552s)
2026-09-28 05:48:17,390 [pid47425] INFO [train] done M1_riemannian_D90_s4 lr=0.003 loss=0.0782 966s
2026-09-28 05:48:29,588 [pid42976] INFO [main] 128/140 main/M1_riemannian_D90_s4: ok  (13649s)
2026-09-28 05:56:23,671 [pid47539] INFO [train] done M2_euclid6d_D120_s4 lr=0.003 loss=0.0242 793s
2026-09-28 05:56:34,462 [pid42976] INFO [main] 129/140 main/M2_euclid6d_D120_s4: ok  (14134s)
2026-09-28 05:56:40,780 [pid47542] INFO [train] done M3_quat_D120_s4 lr=0.003 loss=0.0252 792s
2026-09-28 05:56:50,941 [pid42976] INFO [main] 130/140 main/M3_quat_D120_s4: ok  (14151s)
2026-09-28 05:57:42,180 [pid47545] INFO [train] done M4_euler_D120_s4 lr=0.0003 loss=0.2027 844s
2026-09-28 05:57:52,373 [pid42976] INFO [main] 131/140 main/M4_euler_D120_s4: ok  (14212s)
2026-09-28 05:58:01,088 [pid47532] INFO [train] done M1_riemannian_D120_s4 lr=0.003 loss=0.0811 917s
2026-09-28 05:58:13,427 [pid42976] INFO [main] 132/140 main/M1_riemannian_D120_s4: ok  (14233s)
2026-09-28 06:00:04,878 [pid47573] INFO [train] done M2_euclid6d_D150_s4 lr=0.003 loss=0.0261 791s
2026-09-28 06:00:15,482 [pid42976] INFO [main] 133/140 main/M2_euclid6d_D150_s4: ok  (14355s)
2026-09-28 06:00:29,333 [pid47567] INFO [train] done M1_riemannian_D150_s4 lr=0.003 loss=0.0818 837s
2026-09-28 06:00:39,132 [pid42976] INFO [main] 134/140 main/M1_riemannian_D150_s4: ok  (14379s)
2026-09-28 06:00:58,913 [pid47594] INFO [train] done M4_euler_D150_s4 lr=0.0003 loss=0.2695 747s
2026-09-28 06:01:05,890 [pid42976] INFO [main] 135/140 main/M4_euler_D150_s4: ok  (14406s)
2026-09-28 06:01:42,250 [pid47574] INFO [train] done M3_quat_D150_s4 lr=0.003 loss=0.0346 888s
2026-09-28 06:01:48,071 [pid42976] INFO [main] 136/140 main/M3_quat_D150_s4: ok  (14448s)
2026-09-28 06:06:13,624 [pid47672] INFO [train] done M2_euclid6d_D175_s4 lr=0.003 loss=0.0278 560s
2026-09-28 06:06:18,598 [pid42976] INFO [main] 137/140 main/M2_euclid6d_D175_s4: ok  (14718s)
2026-09-28 06:06:41,836 [pid47685] INFO [train] done M4_euler_D175_s4 lr=0.0003 loss=0.2952 506s
2026-09-28 06:06:46,172 [pid42976] INFO [main] 138/140 main/M4_euler_D175_s4: ok  (14746s)
2026-09-28 06:07:27,029 [pid47681] INFO [train] done M3_quat_D175_s4 lr=0.003 loss=0.0374 572s
2026-09-28 06:07:28,697 [pid42976] INFO [main] 139/140 main/M3_quat_D175_s4: ok  (14788s)
2026-09-28 06:07:30,441 [pid47666] INFO [train] done M1_riemannian_D175_s4 lr=0.003 loss=0.0829 654s
2026-09-28 06:07:32,054 [pid42976] INFO [main] 140/140 main/M1_riemannian_D175_s4: ok  (14792s)
2026-09-28 06:07:32,072 [pid42976] INFO [main] finished: 140 ok, 0 failed
2026-09-28 06:09:18,808 [pid47862] INFO [train] done tmp1wzwwaqn lr=0.001 loss=1.0469 3s
2026-09-28 06:09:33,557 [pid47862] INFO [train] done tmp1wzwwaqn lr=0.001 loss=0.2820 15s
2026-09-28 06:09:36,587 [pid47862] INFO [train] done tmptspt64h4 lr=0.001 loss=1.0519 3s
2026-09-28 06:09:51,323 [pid47862] INFO [train] done tmptspt64h4 lr=0.001 loss=0.2807 15s
2026-09-28 06:09:54,326 [pid47862] INFO [train] done tmp78cvsv0n lr=0.001 loss=1.0503 3s
2026-09-28 06:10:09,282 [pid47862] INFO [train] done tmp78cvsv0n lr=0.001 loss=0.2813 15s
2026-09-28 06:10:09,284 [pid47862] INFO [timing] train M1_riemannian: 14.81 ms/step
2026-09-28 06:10:11,862 [pid47862] INFO [train] done tmprzbctuyv lr=0.001 loss=0.7035 3s
2026-09-28 06:10:24,647 [pid47862] INFO [train] done tmprzbctuyv lr=0.001 loss=0.2546 13s
2026-09-28 06:10:27,225 [pid47862] INFO [train] done tmps8kw7a_a lr=0.001 loss=0.7028 3s
2026-09-28 06:10:39,981 [pid47862] INFO [train] done tmps8kw7a_a lr=0.001 loss=0.2548 13s
2026-09-28 06:10:42,538 [pid47862] INFO [train] done tmpsu7nyef3 lr=0.001 loss=0.7024 3s
2026-09-28 06:10:55,353 [pid47862] INFO [train] done tmpsu7nyef3 lr=0.001 loss=0.2529 13s
2026-09-28 06:10:55,356 [pid47862] INFO [timing] train M2_euclid6d: 12.79 ms/step
2026-09-28 06:10:57,976 [pid47862] INFO [train] done tmp11qbuf6_ lr=0.001 loss=0.6220 3s
2026-09-28 06:11:10,970 [pid47862] INFO [train] done tmp11qbuf6_ lr=0.001 loss=0.1720 13s
2026-09-28 06:11:13,648 [pid47862] INFO [train] done tmp_iacghsm lr=0.001 loss=0.6215 3s
2026-09-28 06:11:26,701 [pid47862] INFO [train] done tmp_iacghsm lr=0.001 loss=0.1729 13s
2026-09-28 06:11:29,346 [pid47862] INFO [train] done tmppcfcp7qj lr=0.001 loss=0.6219 3s
2026-09-28 06:11:42,497 [pid47862] INFO [train] done tmppcfcp7qj lr=0.001 loss=0.1719 13s
2026-09-28 06:11:42,499 [pid47862] INFO [timing] train M3_quat: 13.07 ms/step
2026-09-28 06:11:45,092 [pid47862] INFO [train] done tmpkrwgcnoa lr=0.001 loss=1.9189 3s
2026-09-28 06:11:57,891 [pid47862] INFO [train] done tmpkrwgcnoa lr=0.001 loss=0.5299 13s
2026-09-28 06:12:00,494 [pid47862] INFO [train] done tmpf7dqfll7 lr=0.001 loss=1.9272 3s
2026-09-28 06:12:13,421 [pid47862] INFO [train] done tmpf7dqfll7 lr=0.001 loss=0.5230 13s
2026-09-28 06:12:16,025 [pid47862] INFO [train] done tmpochmqaaf lr=0.001 loss=1.9256 3s
2026-09-28 06:12:28,914 [pid47862] INFO [train] done tmpochmqaaf lr=0.001 loss=0.5235 13s
2026-09-28 06:12:28,916 [pid47862] INFO [timing] train M4_euler: 12.87 ms/step
2026-09-28 06:13:05,255 [pid47862] INFO [timing] infer M1_riemannian done
2026-09-28 06:13:32,186 [pid47862] INFO [timing] infer M2_euclid6d done
2026-09-28 06:13:57,801 [pid47862] INFO [timing] infer M3_quat done
2026-09-28 06:14:23,194 [pid47862] INFO [timing] infer M4_euler done
